TYPE                VERSION             NOTES
current             1.1.0               
patch               1.1.1               https://docker.com/engine/releasenotes?1.1.1
patch               1.1.2               https://docker.com/engine/releasenotes?1.1.2
